<html>
<body>
<pre>
<h1>µVision Build Log</h1>
<h2>Tool Versions:</h2>
IDE-Version: µVision V5.29.0.0
Copyright (C) 2019 ARM Ltd and ARM Germany GmbH. All rights reserved.
License Information: Abdelrahman Yasser, Alamin for technological systems, LIC=----
 
Tool Versions:
Toolchain:       MDK-Lite  Version: 5.29.0.0
Toolchain Path:  C:\Keil_v5\ARM\ARMCC\Bin
C Compiler:      Armcc.exe V5.06 update 6 (build 750)
Assembler:       Armasm.exe V5.06 update 6 (build 750)
Linker/Locator:  ArmLink.exe V5.06 update 6 (build 750)
Library Manager: ArmAr.exe V5.06 update 6 (build 750)
Hex Converter:   FromElf.exe V5.06 update 6 (build 750)
CPU DLL:         SARMCM3.DLL V5.29.0.0
Dialog DLL:      DCM.DLL V1.17.3.0
Target DLL:      UL2CM3.DLL V1.163.0.0
Dialog DLL:      TCM.DLL V1.36.5.0
 
<h2>Project:</h2>
D:\Embedded Systems\Sprints_FWD\Led_Project v0.2\Keil project MDK529\LED_PROJECT_SPRINTS_FWD_V2.uvprojx
Project File Date:  08/09/2022

<h2>Output:</h2>
*** Using Compiler 'V5.06 update 6 (build 750)', folder: 'C:\Keil_v5\ARM\ARMCC\Bin'
Rebuild target 'Tiva c'
assembling startup_TM4C123.s...
compiling Gpt_Lcfg.c...
compiling Gpt.c...
..\MCAL\Gpt.c(74): warning:  #186-D: pointless comparison of unsigned integer with zero
      if (GptChannelId >= TIMER0 && GptChannelId <= TIMER5)
..\MCAL\Gpt.c: 1 warning, 0 errors
compiling IntCtrl.c...
..\MCAL\IntCtrl.c(42): warning:  #186-D: pointless comparison of unsigned integer with zero
      if(irq >= 0 && irq <4)
..\MCAL\IntCtrl.c: 1 warning, 0 errors
compiling Dio.c...
..\MCAL\Dio.c(39): warning:  #186-D: pointless comparison of unsigned integer with zero
      if (ChannelId >= PA0 && ChannelId <= PA7)
..\MCAL\Dio.c(88): warning:  #186-D: pointless comparison of unsigned integer with zero
      if (ChannelId >= PA0 && ChannelId <= PA7)
..\MCAL\Dio.c(173): warning:  #186-D: pointless comparison of unsigned integer with zero
      if (ChannelId >= PA0 && ChannelId <= PA7)
..\MCAL\Dio.c(252): warning:  #186-D: pointless comparison of unsigned integer with zero
      if (ChannelId >= PA0 && ChannelId <= PA7)
..\MCAL\Dio.c: 4 warnings, 0 errors
compiling system_TM4C123.c...
compiling IntCtrl_Lcfg.c...
compiling Port.c...
compiling Port_Lcfg.c...
compiling mainApp.c...
..\APPLICATION\mainApp.c(91): warning:  #1-D: last line of file ends without a newline
  #endif
..\APPLICATION\mainApp.c: 1 warning, 0 errors
compiling Debugapp.c...
linking...
Program Size: Code=10144 RO-data=652 RW-data=108 ZI-data=660  
".\Objects\LED_PROJECT_SPRINTS_FWD_V2.axf" - 0 Error(s), 7 Warning(s).

<h2>Software Packages used:</h2>

Package Vendor: Keil
                http://www.keil.com/pack/Keil.TM4C_DFP.1.1.0.pack
                Keil.TM4C_DFP.1.1.0
                Texas Instruments Tiva C Series Device Support and Examples

<h2>Collection of Component include folders:</h2>
  .\RTE\_Tiva_c
  C:\Users\abdo-\AppData\Local\Arm\Packs\Keil\TM4C_DFP\1.1.0\Device\Include\TM4C123

<h2>Collection of Component Files used:</h2>
Build Time Elapsed:  00:00:01
</pre>
</body>
</html>
